Fetching 38 files:   0%|          | 0/38 [00:00<?, ?it/s]Fetching 38 files: 100%|██████████| 38/38 [00:00<00:00, 4909.55it/s]
/Users/teresaguajardo/.cache/eval-lab/TASK-0053/laya-runtime/lib/python3.12/site-packages/laya/agent.py:928: RuntimeWarning: laya: this checkpoint ships invalid temperatures or values outside [0.5, 5]; using choice:11+=0.10058280825614929 -> 0.5. Treat confidence from the affected entries as uncalibrated.
  return Agent(model_id_or_path, device=device, token=token, subfolder=subfolder, fast=fast,
{"arm_id": "laya-421m", "selected_count": 760, "completed_count": 25, "status_counts": {"ok": 25}, "last_record_id": "arc-single:Mercury_415093:correct", "updated_at_utc": "2026-09-24T07:29:48Z"}
{"arm_id": "laya-421m", "selected_count": 760, "completed_count": 50, "status_counts": {"ok": 50}, "last_record_id": "arc-single:Mercury_7126263:wrong", "updated_at_utc": "2026-09-24T07:29:51Z"}
{"arm_id": "laya-421m", "selected_count": 760, "completed_count": 75, "status_counts": {"ok": 75}, "last_record_id": "arc-single:Mercury_401865:correct", "updated_at_utc": "2026-09-24T07:29:55Z"}
{"arm_id": "laya-421m", "selected_count": 760, "completed_count": 100, "status_counts": {"ok": 100}, "last_record_id": "arc-single:Mercury_7038833:wrong", "updated_at_utc": "2026-09-24T07:29:58Z"}
{"arm_id": "laya-421m", "selected_count": 760, "completed_count": 125, "status_counts": {"ok": 125}, "last_record_id": "arc-pair:TIMSS_2007_4_pg82", "updated_at_utc": "2026-09-24T07:30:02Z"}
{"arm_id": "laya-421m", "selected_count": 760, "completed_count": 150, "status_counts": {"ok": 150}, "last_record_id": "arc-pair:NYSEDREGENTS_2013_4_12", "updated_at_utc": "2026-09-24T07:30:05Z"}
{"arm_id": "laya-421m", "selected_count": 760, "completed_count": 175, "status_counts": {"ok": 175}, "last_record_id": "arc-pair:Mercury_7080465", "updated_at_utc": "2026-09-24T07:30:09Z"}
{"arm_id": "laya-421m", "selected_count": 760, "completed_count": 200, "status_counts": {"ok": 200}, "last_record_id": "arc-pair:MCAS_2010_5_11981", "updated_at_utc": "2026-09-24T07:30:13Z"}
{"arm_id": "laya-421m", "selected_count": 760, "completed_count": 225, "status_counts": {"ok": 225}, "last_record_id": "gsm8k:gsm8k-main:test-00494:correct", "updated_at_utc": "2026-09-24T07:30:16Z"}
{"arm_id": "laya-421m", "selected_count": 760, "completed_count": 250, "status_counts": {"ok": 250}, "last_record_id": "gsm8k:gsm8k-main:test-01101:wrong", "updated_at_utc": "2026-09-24T07:30:20Z"}
{"arm_id": "laya-421m", "selected_count": 760, "completed_count": 275, "status_counts": {"ok": 275}, "last_record_id": "gsm8k:gsm8k-main:test-00350:correct", "updated_at_utc": "2026-09-24T07:30:23Z"}
{"arm_id": "laya-421m", "selected_count": 760, "completed_count": 300, "status_counts": {"ok": 300}, "last_record_id": "gsm8k:gsm8k-main:test-00265:wrong", "updated_at_utc": "2026-09-24T07:30:26Z"}
{"arm_id": "laya-421m", "selected_count": 760, "completed_count": 325, "status_counts": {"ok": 325}, "last_record_id": "gsm8k:gsm8k-main:test-00887:correct", "updated_at_utc": "2026-09-24T07:30:30Z"}
{"arm_id": "laya-421m", "selected_count": 760, "completed_count": 350, "status_counts": {"ok": 350}, "last_record_id": "gsm8k:gsm8k-main:test-00797:wrong", "updated_at_utc": "2026-09-24T07:30:33Z"}
{"arm_id": "laya-421m", "selected_count": 760, "completed_count": 375, "status_counts": {"ok": 375}, "last_record_id": "gsm8k:gsm8k-main:test-00157:correct", "updated_at_utc": "2026-09-24T07:30:37Z"}
{"arm_id": "laya-421m", "selected_count": 760, "completed_count": 400, "status_counts": {"ok": 400}, "last_record_id": "gsm8k:gsm8k-main:test-01311:wrong", "updated_at_utc": "2026-09-24T07:30:40Z"}
{"arm_id": "laya-421m", "selected_count": 760, "completed_count": 425, "status_counts": {"ok": 425}, "last_record_id": "mmlu:abstract_algebra:test:0095:correct", "updated_at_utc": "2026-09-24T07:30:44Z"}
{"arm_id": "laya-421m", "selected_count": 760, "completed_count": 450, "status_counts": {"ok": 450}, "last_record_id": "mmlu:abstract_algebra:test:0070:wrong", "updated_at_utc": "2026-09-24T07:30:47Z"}
{"arm_id": "laya-421m", "selected_count": 760, "completed_count": 475, "status_counts": {"ok": 475}, "last_record_id": "mmlu:elementary_mathematics:test:0242:correct", "updated_at_utc": "2026-09-24T07:30:51Z"}
{"arm_id": "laya-421m", "selected_count": 760, "completed_count": 500, "status_counts": {"ok": 500}, "last_record_id": "mmlu:elementary_mathematics:test:0104:wrong", "updated_at_utc": "2026-09-24T07:30:54Z"}
{"arm_id": "laya-421m", "selected_count": 760, "completed_count": 525, "status_counts": {"ok": 525}, "last_record_id": "mmlu:high_school_biology:test:0258:correct", "updated_at_utc": "2026-09-24T07:30:59Z"}
{"arm_id": "laya-421m", "selected_count": 760, "completed_count": 550, "status_counts": {"ok": 546, "skipped": 4}, "last_record_id": "mmlu:high_school_world_history:test:0164:wrong", "updated_at_utc": "2026-09-24T07:31:03Z"}
{"arm_id": "laya-421m", "selected_count": 760, "completed_count": 575, "status_counts": {"ok": 565, "skipped": 10}, "last_record_id": "mmlu:high_school_world_history:test:0146:correct", "updated_at_utc": "2026-09-24T07:31:08Z"}
{"arm_id": "laya-421m", "selected_count": 760, "completed_count": 600, "status_counts": {"ok": 590, "skipped": 10}, "last_record_id": "mmlu:logical_fallacies:test:0024:wrong", "updated_at_utc": "2026-09-24T07:31:13Z"}
{"arm_id": "laya-421m", "selected_count": 760, "completed_count": 625, "status_counts": {"ok": 615, "skipped": 10}, "last_record_id": "mmlu:machine_learning:test:0010:correct", "updated_at_utc": "2026-09-24T07:31:17Z"}
{"arm_id": "laya-421m", "selected_count": 760, "completed_count": 650, "status_counts": {"ok": 640, "skipped": 10}, "last_record_id": "mmlu:machine_learning:test:0017:wrong", "updated_at_utc": "2026-09-24T07:31:21Z"}
{"arm_id": "laya-421m", "selected_count": 760, "completed_count": 675, "status_counts": {"ok": 663, "skipped": 12}, "last_record_id": "mmlu:professional_law:test:0197:correct", "updated_at_utc": "2026-09-24T07:31:26Z"}
{"arm_id": "laya-421m", "selected_count": 760, "completed_count": 700, "status_counts": {"ok": 688, "skipped": 12}, "last_record_id": "mmlu:professional_law:test:0404:wrong", "updated_at_utc": "2026-09-24T07:31:32Z"}
{"arm_id": "laya-421m", "selected_count": 760, "completed_count": 725, "status_counts": {"ok": 713, "skipped": 12}, "last_record_id": "mmlu:computer_security:test:0026:correct", "updated_at_utc": "2026-09-24T07:31:36Z"}
{"arm_id": "laya-421m", "selected_count": 760, "completed_count": 750, "status_counts": {"ok": 738, "skipped": 12}, "last_record_id": "pair-synthetic-code-output-02-incorrect-first", "updated_at_utc": "2026-09-24T07:31:40Z"}
{"arm_id": "laya-421m", "selected_count": 760, "completed_count": 760, "status_counts": {"ok": 748, "skipped": 12}, "last_record_id": "single-synthetic-structured-06-correct", "updated_at_utc": "2026-09-24T07:31:41Z"}
/Users/teresaguajardo/.cache/eval-lab/TASK-0053/runs/laya-421m/blind-holdout/predictions.jsonl
